// Jest Snapshot v1, https://goo.gl/fbAQLP

exports[`extractRequiredNamespaces should extract required namespaces 1`] = `
{
  "/pages/[id]": [
    "footer",
  ],
  "/pages/index": [
    "header",
    "components/button",
    "footer",
  ],
}
`;
